\BOOKMARK [1][-]{section.1}{\376\377\133\236\232\214\151\202\217\360}{}% 1
\BOOKMARK [2][-]{subsection.1.1}{\376\377\133\236\232\214\166\356\166\204}{section.1}% 2
\BOOKMARK [2][-]{subsection.1.2}{\376\377\133\236\232\214\121\205\133\271\116\016\217\333\226\066\211\201\154\102}{section.1}% 3
\BOOKMARK [1][-]{section.2}{\376\377\145\160\143\156\226\306\116\016\133\236\232\214\163\257\130\203}{}% 4
\BOOKMARK [2][-]{subsection.2.1}{\376\377\145\160\143\156\226\306\213\364\146\016}{section.2}% 5
\BOOKMARK [2][-]{subsection.2.2}{\376\377\145\160\143\156\145\207\116\366\121\163\174\373\232\214\213\301}{section.2}% 6
\BOOKMARK [2][-]{subsection.2.3}{\376\377\133\236\232\214\163\257\130\203}{section.2}% 7
\BOOKMARK [1][-]{section.3}{\376\377\000k\000N\000N\000\040\173\227\154\325\123\237\164\006}{}% 8
\BOOKMARK [2][-]{subsection.3.1}{\376\377\127\372\147\054\140\035\140\363}{section.3}% 9
\BOOKMARK [2][-]{subsection.3.2}{\376\377\215\335\171\273\136\246\221\317}{section.3}% 10
\BOOKMARK [2][-]{subsection.3.3}{\376\377\000k\000\040\120\074\220\011\142\351}{section.3}% 11
\BOOKMARK [1][-]{section.4}{\376\377\201\352\121\231\000\040\000k\000N\000N\000\040\116\016\000\040\000L\000O\000O\000\040\133\236\163\260}{}% 12
\BOOKMARK [2][-]{subsection.4.1}{\376\377\145\160\143\156\213\373\123\326\116\016\150\007\173\176\217\154\143\142}{section.4}% 13
\BOOKMARK [2][-]{subsection.4.2}{\376\377\124\021\221\317\123\026\215\335\171\273\213\241\173\227}{section.4}% 14
\BOOKMARK [2][-]{subsection.4.3}{\376\377\131\032\145\160\210\150\121\263\116\016\136\163\134\100\211\304\122\031}{section.4}% 15
\BOOKMARK [2][-]{subsection.4.4}{\376\377\165\131\116\000\154\325\116\244\123\311\232\214\213\301}{section.4}% 16
\BOOKMARK [1][-]{section.5}{\376\377\150\067\147\054\123\357\211\306\123\026\116\016\145\160\143\156\150\300\147\345}{}% 17
\BOOKMARK [2][-]{subsection.5.1}{\376\377\133\374\213\272\171\072\117\213\116\343\170\001\217\320\210\114\140\305\121\265}{section.5}% 18
\BOOKMARK [1][-]{section.6}{\376\377\000W\000e\000k\000a\000\040\133\371\153\324\133\236\232\214}{}% 19
\BOOKMARK [2][-]{subsection.6.1}{\376\377\000A\000R\000F\000F\000\040\217\154\143\142}{section.6}% 20
\BOOKMARK [2][-]{subsection.6.2}{\376\377\000W\000e\000k\000a\000\040\123\302\145\160\213\276\177\156}{section.6}% 21
\BOOKMARK [1][-]{section.7}{\376\377\133\236\232\214\176\323\147\234}{}% 22
\BOOKMARK [2][-]{subsection.7.1}{\376\377\201\352\121\231\172\013\136\217\176\323\147\234}{section.7}% 23
\BOOKMARK [2][-]{subsection.7.2}{\376\377\000W\000e\000k\000a\000\040\176\323\147\234}{section.7}% 24
\BOOKMARK [2][-]{subsection.7.3}{\376\377\201\352\121\231\172\013\136\217\116\016\000\040\000W\000e\000k\000a\000\040\133\371\153\324}{section.7}% 25
\BOOKMARK [1][-]{section.8}{\376\377\133\236\232\214\176\323\147\234\232\214\213\301\116\016\122\006\147\220}{}% 26
\BOOKMARK [2][-]{subsection.8.1}{\376\377\145\207\150\143\230\204\147\037\120\074\116\016\133\236\226\105\176\323\147\234\116\015\116\000\201\364}{section.8}% 27
\BOOKMARK [2][-]{subsection.8.2}{\376\377\143\011\174\173\122\053\210\150\163\260\122\006\147\220}{section.8}% 28
\BOOKMARK [1][-]{section.9}{\376\377\216\051\127\121\213\260\137\125\116\016\211\343\121\263\145\271\154\325}{}% 29
\BOOKMARK [2][-]{subsection.9.1}{\376\377\145\160\143\156\121\306\131\007\226\066\153\265}{section.9}% 30
\BOOKMARK [2][-]{subsection.9.2}{\376\377\116\343\170\001\133\236\163\260\226\066\153\265}{section.9}% 31
\BOOKMARK [2][-]{subsection.9.3}{\376\377\176\323\147\234\232\214\213\301\226\066\153\265}{section.9}% 32
\BOOKMARK [2][-]{subsection.9.4}{\376\377\000W\000e\000k\000a\000\040\133\371\153\324\226\066\153\265}{section.9}% 33
\BOOKMARK [1][-]{section.10}{\376\377\176\323\213\272}{}% 34
\BOOKMARK [1][-]{section*.11}{\376\377\123\302\200\003\215\104\145\231}{}% 35
\BOOKMARK [1][-]{appendix.A}{\376\377\226\104\137\125\377\032\147\054\127\060\217\320\210\114\217\223\121\372}{}% 36
